
Allocating common symbols
Common symbol       size              file

netbufpool          0x4               binaries/net.o
readylist           0x2               binaries/ready.o
rfltab              0x5a0             binaries/rflinit.o
sleepq              0x2               binaries/clkinit.o
nnames              0x4               binaries/naminit.o
udptab              0x168             binaries/udp.o
minheap             0x4               binaries/meminit.o
marks               0x50              binaries/mark.o
currpid             0x4               binaries/initialize.o
Lf_data             0x20c             binaries/lfsinit.o
porttab             0x2d0             binaries/ptinit.o
girmask             0x2               binaries/evec.o
ttytab              0x10c             binaries/ttyinit.o
proctab             0x15e0            binaries/initialize.o
prcount             0x4               binaries/initialize.o
lck                 0x4               binaries/main.o
lfltab              0xf00             binaries/lflinit.o
rdstab              0x8c              binaries/rdsinit.o
ethertab            0x138             binaries/ethinit.o
NetData             0xa8              binaries/net.o
nmarks              0x4               binaries/mark.o
Defer               0x8               binaries/resched.o
semtab              0x4b0             binaries/initialize.o
lcks                0xc8              binaries/main.o
maxheap             0x4               binaries/meminit.o
preempt             0x4               binaries/clkinit.o
buftab              0xf0              binaries/bufinit.o
Rf_data             0x18              binaries/rfsinit.o
mkmutex             0x4               binaries/mark.o
clktime             0x4               binaries/clkinit.o
arpcache            0x140             binaries/arp.o
icmptab             0x230             binaries/icmp.o
nbpools             0x4               binaries/bufinit.o
queuetab            0xca0             binaries/queue.o
ptnextid            0x4               binaries/ptinit.o
Ram                 0x19000           binaries/raminit.o
ipoqueue            0x2c              binaries/ip.o
memlist             0x8               binaries/initialize.o
nametab             0x19a0            binaries/naminit.o
ptfree              0x4               binaries/ptinit.o

Discarded input sections

 .group         0x0000000000000000        0x8 binaries/ascdate.o
 .group         0x0000000000000000        0x8 binaries/bufinit.o
 .group         0x0000000000000000        0x8 binaries/chprio.o
 .text.__x86.get_pc_thunk.bx
                0x0000000000000000        0x4 binaries/chprio.o
 .group         0x0000000000000000        0x8 binaries/clkhandler.o
 .text.__x86.get_pc_thunk.bx
                0x0000000000000000        0x4 binaries/clkhandler.o
 .group         0x0000000000000000        0x8 binaries/clkinit.o
 .text.__x86.get_pc_thunk.bx
                0x0000000000000000        0x4 binaries/clkinit.o
 .group         0x0000000000000000        0x8 binaries/close.o
 .text.__x86.get_pc_thunk.bx
                0x0000000000000000        0x4 binaries/close.o
 .group         0x0000000000000000        0x8 binaries/control.o
 .text.__x86.get_pc_thunk.bx
                0x0000000000000000        0x4 binaries/control.o
 .group         0x0000000000000000        0x8 binaries/create.o
 .text.__x86.get_pc_thunk.bx
                0x0000000000000000        0x4 binaries/create.o
 .group         0x0000000000000000        0x8 binaries/early_imr.o
 .text.__x86.get_pc_thunk.bx
                0x0000000000000000        0x4 binaries/early_imr.o
 .group         0x0000000000000000        0x8 binaries/evec.o
 .text.__x86.get_pc_thunk.bx
                0x0000000000000000        0x4 binaries/evec.o
 .group         0x0000000000000000        0x8 binaries/freebuf.o
 .text.__x86.get_pc_thunk.bx
                0x0000000000000000        0x4 binaries/freebuf.o
 .group         0x0000000000000000        0x8 binaries/freemem.o
 .text.__x86.get_pc_thunk.bx
                0x0000000000000000        0x4 binaries/freemem.o
 .group         0x0000000000000000        0x8 binaries/getbuf.o
 .text.__x86.get_pc_thunk.bx
                0x0000000000000000        0x4 binaries/getbuf.o
 .group         0x0000000000000000        0x8 binaries/getc.o
 .text.__x86.get_pc_thunk.bx
                0x0000000000000000        0x4 binaries/getc.o
 .group         0x0000000000000000        0x8 binaries/getdev.o
 .text.__x86.get_pc_thunk.bx
                0x0000000000000000        0x4 binaries/getdev.o
 .group         0x0000000000000000        0x8 binaries/getitem.o
 .group         0x0000000000000000        0x8 binaries/getitem.o
 .text.__x86.get_pc_thunk.ax
                0x0000000000000000        0x4 binaries/getitem.o
 .group         0x0000000000000000        0x8 binaries/getmem.o
 .text.__x86.get_pc_thunk.bx
                0x0000000000000000        0x4 binaries/getmem.o
 .group         0x0000000000000000        0x8 binaries/getpid.o
[...]
Memory Configuration

Name             Origin             Length             Attributes
*default*        0x0000000000000000 0xffffffffffffffff

Linker script and memory map

                0x0000000000100000                physbase = 0x100000
                0x0000000000100000                . = physbase
                0x0000000000100000                . = ALIGN (0x1000)

.text           0x0000000000100000    0x17000
                0x0000000000100000                text = ABSOLUTE (.)
 *(.text .text.*)
 .text          0x0000000000100000      0x1a8 binaries/start.o
                0x0000000000100024                start
                0x00000000001000f6                inb
                0x00000000001000fe                inw
                0x0000000000100107                inl
                0x000000000010010f                outb
                0x0000000000100119                outw
                0x0000000000100124                outl
                0x000000000010012e                _rtcin
                0x0000000000100139                ___udivsi3
                0x0000000000100144                ___divsi3
                0x0000000000100150                sbzero
                0x0000000000100160                bcopy
                0x0000000000100174                insw
                0x000000000010018a                outsw
                0x00000000001001a0                lidt
 .text          0x00000000001001a8      0x2e5 binaries/ascdate.o
                0x00000000001001a8                ascdate
 .text.__x86.get_pc_thunk.bx
                0x000000000010048d        0x4 binaries/ascdate.o
                0x000000000010048d                __x86.get_pc_thunk.bx
 .text          0x0000000000100491       0x1c binaries/bufinit.o
                0x0000000000100491                bufinit
 .text.__x86.get_pc_thunk.ax
                0x00000000001004ad        0x4 binaries/bufinit.o
                0x00000000001004ad                __x86.get_pc_thunk.ax
 .text          0x00000000001004b1       0x82 binaries/chprio.o
                0x00000000001004b1                chprio
 .text          0x0000000000100533       0x92 binaries/clkhandler.o
                0x0000000000100533                clkhandler
 .text          0x00000000001005c5       0x6e binaries/clkinit.o
                0x00000000001005c5                clkinit
 .text          0x0000000000100633       0x5c binaries/close.o
                0x0000000000100633                close
 .text          0x000000000010068f        0x0 binaries/conf.o
 .text          0x000000000010068f       0x65 binaries/control.o
                0x000000000010068f                control
 .text          0x00000000001006f4      0x247 binaries/create.o
                0x00000000001006f4                create
 .text          0x000000000010093b      0x23b binaries/early_imr.o
                0x000000000010093b                intel_cln_early_sb_read_reg
                0x00000000001009a2                intel_cln_early_sb_write_reg
                0x0000000000100a61                remove_irm_protections
 .text          0x0000000000100b76      0x373 binaries/evec.o
                0x0000000000100b76                setirmask
                0x0000000000100bc7                set_evec
                0x0000000000100c3b                initevec
                0x0000000000100d1c                trap
 .text          0x0000000000100ee9       0x91 binaries/freebuf.o
                0x0000000000100ee9                freebuf
 .text          0x0000000000100f7a      0x123 binaries/freemem.o
                0x0000000000100f7a                freemem
 .text          0x000000000010109d       0x75 binaries/getbuf.o
                0x000000000010109d                getbuf
 .text          0x0000000000101112       0x5c binaries/getc.o
                0x0000000000101112                getc
 .text          0x000000000010116e       0x79 binaries/getdev.o
                0x000000000010116e                getdev
 .text          0x00000000001011e7       0x96 binaries/getitem.o
                0x00000000001011e7                getitem
                0x000000000010121a                getfirst
                0x000000000010124a                getlast
 .text.__x86.get_pc_thunk.dx
                0x000000000010127d        0x4 binaries/getitem.o
                0x000000000010127d                __x86.get_pc_thunk.dx
 .text          0x0000000000101281       0xce binaries/getmem.o
                0x0000000000101281                getmem
 .text          0x000000000010134f       0x13 binaries/getpid.o
                0x000000000010134f                getpid
 .text          0x0000000000101362       0x74 binaries/getprio.o
                0x0000000000101362                getprio
 .text          0x00000000001013d6       0xc0 binaries/getstk.o
                0x00000000001013d6                getstk
 .text          0x0000000000101496       0x41 binaries/gettime.o
                0x0000000000101496                gettime
 .text          0x00000000001014d7      0x1dd binaries/getutime.o
                0x00000000001014d7                getutime
 .text          0x00000000001016b4       0x5c binaries/init.o
                0x00000000001016b4                init
 .text          0x0000000000101710      0x271 binaries/initialize.o
                0x0000000000101710                nulluser
                0x000000000010192c                stop
                0x000000000010195e                delay
 .text          0x0000000000101981       0x9b binaries/insert.o
                0x0000000000101981                insert
 .text.__x86.get_pc_thunk.di
                0x0000000000101a1c        0x4 binaries/insert.o
                0x0000000000101a1c                __x86.get_pc_thunk.di
 .text          0x0000000000101a20       0xfa binaries/insertd.o
                0x0000000000101a20                insertd
 .text          0x0000000000101b1a        0x6 binaries/ioerr.o
                0x0000000000101b1a                ioerr
 .text          0x0000000000101b20        0x6 binaries/ionull.o
                0x0000000000101b20                ionull
 .text          0x0000000000101b26      0x19f binaries/kill.o
                0x0000000000101b26                kill
 .text          0x0000000000101cc5       0xe2 binaries/kprintf.o
                0x0000000000101cc5                kputc
                0x0000000000101d03                console_init
                0x0000000000101d47                kgetc
                0x0000000000101d76                kprintf
 .text          0x0000000000101da7        0x6 binaries/lcreate.o
                0x0000000000101da7                lcreate
 .text          0x0000000000101dad        0x6 binaries/ldelete.o
                0x0000000000101dad                ldelete
 .text          0x0000000000101db3        0x1 binaries/linit.o
                0x0000000000101db3                linit
 .text          0x0000000000101db4        0x6 binaries/lock.o
                0x0000000000101db4                lock
 .text          0x0000000000101dba      0xa61 binaries/main.o
                0x0000000000101dba                reader1
                0x0000000000101e69                writer1
                0x0000000000101f03                loop
                0x0000000000101f5c                test0
                0x000000000010205d                test1
                0x0000000000102161                test2
                0x0000000000102266                test3
                0x000000000010235f                test4
                0x00000000001024bc                test5
                0x000000000010261a                test6
                0x000000000010275b                main
 .text          0x000000000010281b       0xb3 binaries/mark.o
                0x000000000010281b                markinit
                0x000000000010284a                mark
 .text          0x00000000001028ce      0x22c binaries/meminit.o
                0x00000000001028ce                meminit
                0x0000000000102a74                setsegs
 .text          0x0000000000102afa      0x14a binaries/mkbufpool.o
                0x0000000000102afa                mkbufpool
 .text          0x0000000000102c44       0x5e binaries/newqueue.o
                0x0000000000102c44                newqueue
 .text.__x86.get_pc_thunk.cx
                0x0000000000102ca2        0x4 binaries/newqueue.o
                0x0000000000102ca2                __x86.get_pc_thunk.cx
 .text          0x0000000000102ca6       0x64 binaries/open.o
                0x0000000000102ca6                open
 .text          0x0000000000102d0a       0x2c binaries/panic.o
                0x0000000000102d0a                panic
 .text          0x0000000000102d36      0x280 binaries/pci.o
                0x0000000000102d36                pci_init
                0x0000000000102d3c                find_pci_device
                0x0000000000102dfe                pci_read_config_byte
                0x0000000000102e3b                pci_read_config_word
                0x0000000000102e7a                pci_read_config_dword
                0x0000000000102eb7                pci_write_config_byte
                0x0000000000102ef2                pci_write_config_word
                0x0000000000102f2e                pci_write_config_dword
                0x0000000000102f69                pci_get_dev_mmio_base_addr
 .text          0x0000000000102fb6       0x68 binaries/platinit.o
                0x0000000000102fb6                platinit
 .text          0x000000000010301e       0xab binaries/ptclear.o
                0x000000000010301e                _ptclear
 .text          0x00000000001030c9       0x9f binaries/ptcount.o
                0x00000000001030c9                ptcount
 .text          0x0000000000103168       0xf4 binaries/ptcreate.o
                0x0000000000103168                ptcreate
 .text          0x000000000010325c       0x70 binaries/ptdelete.o
                0x000000000010325c                ptdelete
 .text          0x00000000001032cc       0xa0 binaries/ptinit.o
                0x00000000001032cc                ptinit
 .text          0x000000000010336c      0x123 binaries/ptrecv.o
                0x000000000010336c                ptrecv
 .text          0x000000000010348f       0x68 binaries/ptreset.o
                0x000000000010348f                ptreset
 .text          0x00000000001034f7      0x15c binaries/ptsend.o
                0x00000000001034f7                ptsend
 .text          0x0000000000103653       0x6e binaries/putc.o
                0x0000000000103653                putc
 .text          0x00000000001036c1       0xc3 binaries/quark_irq.o
                0x00000000001036c1                quark_irq_routing
 .text          0x0000000000103784      0x1bb binaries/quark_pdat.o
                0x0000000000103784                get_quark_pdat_entry_data_by_id
                0x000000000010385d                get_quark_pdat_entry_data_by_desc
 .text          0x000000000010393f       0xc9 binaries/queue.o
                0x000000000010393f                enqueue
                0x00000000001039ad                dequeue
 .text          0x0000000000103a08       0x64 binaries/read.o
                0x0000000000103a08                read
 .text          0x0000000000103a6c       0x7f binaries/ready.o
                0x0000000000103a6c                ready
 .text          0x0000000000103aeb       0x84 binaries/receive.o
                0x0000000000103aeb                receive
 .text          0x0000000000103b6f       0x68 binaries/recvclr.o
                0x0000000000103b6f                recvclr
 .text          0x0000000000103bd7       0xd4 binaries/recvtime.o
                0x0000000000103bd7                recvtime
 .text          0x0000000000103cab        0x6 binaries/releaseall.o
                0x0000000000103cab                releaseall
 .text          0x0000000000103cb1      0x184 binaries/resched.o
                0x0000000000103cb1                resched
                0x0000000000103da8                resched_cntl
 .text          0x0000000000103e35       0x9b binaries/resume.o
                0x0000000000103e35                resume
 .text          0x0000000000103ed0       0x60 binaries/seek.o
                0x0000000000103ed0                seek
 .text          0x0000000000103f30       0x65 binaries/semcount.o
                0x0000000000103f30                semcount
 .text          0x0000000000103f95       0xb5 binaries/semcreate.o
                0x0000000000103f95                semcreate
 .text          0x000000000010404a       0xe0 binaries/semdelete.o
                0x000000000010404a                semdelete
 .text          0x000000000010412a       0xc0 binaries/semreset.o
                0x000000000010412a                semreset
 .text          0x00000000001041ea       0xd7 binaries/send.o
                0x00000000001041ea                send
 .text          0x00000000001042c1       0xa9 binaries/signal.o
                0x00000000001042c1                signal
 .text          0x000000000010436a       0xe9 binaries/signaln.o
                0x000000000010436a                signaln
 .text          0x0000000000104453       0xda binaries/sleep.o
                0x0000000000104453                sleepms
                0x00000000001044f7                sleep
 .text          0x000000000010452d       0xda binaries/suspend.o
                0x000000000010452d                suspend
 .text          0x0000000000104607       0xa2 binaries/unsleep.o
                0x0000000000104607                unsleep
 .text          0x00000000001046a9       0x22 binaries/userret.o
                0x00000000001046a9                userret
 .text          0x00000000001046cb       0xcc binaries/wait.o
                0x00000000001046cb                wait
 .text          0x0000000000104797       0x88 binaries/wakeup.o
                0x0000000000104797                wakeup
 .text          0x000000000010481f       0x64 binaries/write.o
                0x000000000010481f                write
 .text          0x0000000000104883       0x25 binaries/xdone.o
                0x0000000000104883                xdone
 .text          0x00000000001048a8       0x30 binaries/yield.o
                0x00000000001048a8                yield
 .text          0x00000000001048d8        0xe binaries/abs.o
                0x00000000001048d8                abs
 .text          0x00000000001048e6       0x60 binaries/atoi.o
                0x00000000001048e6                atoi
 .text          0x0000000000104946       0x60 binaries/atol.o
                0x0000000000104946                atol
 .text          0x00000000001049a6       0x18 binaries/bzero.o
                0x00000000001049a6                bzero
 .text          0x00000000001049be        0x0 binaries/ctype_.o
 .text          0x00000000001049be      0x83f binaries/doprnt.o
                0x0000000000104b34                _doprnt
 .text.__x86.get_pc_thunk.si
                0x00000000001051fd        0x4 binaries/doprnt.o
                0x00000000001051fd                __x86.get_pc_thunk.si
 .text          0x0000000000105201      0x776 binaries/doscan.o
                0x0000000000105201                _doscan
 .text          0x0000000000105977      0x7a9 binaries/fdoprnt.o
                0x00000000001059fd                _fdoprnt
 .text          0x0000000000106120       0x2b binaries/fgetc.o
                0x0000000000106120                fgetc
 .text          0x000000000010614b       0x68 binaries/fgets.o
                0x000000000010614b                fgets
 .text          0x00000000001061b3       0x31 binaries/fprintf.o
                0x00000000001061b3                fprintf
 .text          0x00000000001061e4       0x36 binaries/fputc.o
                0x00000000001061e4                fputc
 .text          0x000000000010621a       0x45 binaries/fputs.o
                0x000000000010621a                fputs
 .text          0x000000000010625f       0x88 binaries/fscanf.o
                0x00000000001062a6                fscanf
 .text          0x00000000001062e7       0x38 binaries/getchar.o
                0x00000000001062e7                getchar
 .text          0x000000000010631f        0xe binaries/labs.o
                0x000000000010631f                labs
 .text          0x000000000010632d       0x34 binaries/memchr.o
                0x000000000010632d                memchr
 .text          0x0000000000106361       0x47 binaries/memcmp.o
                0x0000000000106361                memcmp
 .text          0x00000000001063a8       0x25 binaries/memcpy.o
                0x00000000001063a8                memcpy
 .text          0x00000000001063cd       0x1e binaries/memset.o
                0x00000000001063cd                memset
 .text          0x00000000001063eb       0x4c binaries/printf.o
                0x00000000001063eb                printf
 .text          0x0000000000106437       0x3c binaries/putchar.o
                0x0000000000106437                putchar
 .text          0x0000000000106473      0x22b binaries/qsort.o
                0x0000000000106666                qsort
 .text.__x86.get_pc_thunk.bp
                0x000000000010669e        0x4 binaries/qsort.o
                0x000000000010669e                __x86.get_pc_thunk.bp
 .text          0x00000000001066a2       0x3e binaries/rand.o
                0x00000000001066a2                srand
                0x00000000001066b7                rand
 .text          0x00000000001066e0       0x58 binaries/sprintf.o
                0x00000000001066f7                sprintf
 .text          0x0000000000106738       0x68 binaries/sscanf.o
                0x0000000000106761                sscanf
 .text          0x00000000001067a0       0x2f binaries/strchr.o
                0x00000000001067a0                strchr
 .text          0x00000000001067cf       0x41 binaries/strcmp.o
                0x00000000001067cf                strcmp
 .text          0x0000000000106810       0x1a binaries/strcpy.o
                0x0000000000106810                strcpy
 .text          0x000000000010682a       0x1c binaries/strlen.o
                0x000000000010682a                strlen
 .text          0x0000000000106846       0x3a binaries/strncat.o
                0x0000000000106846                strncat
 .text          0x0000000000106880       0x36 binaries/strncmp.o
                0x0000000000106880                strncmp
 .text          0x00000000001068b6       0x57 binaries/strncpy.o
                0x00000000001068b6                strncpy
 .text          0x000000000010690d       0x2e binaries/strnlen.o
                0x000000000010690d                strnlen
 .text          0x000000000010693b       0x34 binaries/strrchr.o
                0x000000000010693b                strrchr
 .text          0x000000000010696f       0x75 binaries/strstr.o
                0x000000000010696f                strstr
 .text          0x00000000001069e4      0x164 binaries/ttycontrol.o
                0x00000000001069e4                ttycontrol
 .text          0x0000000000106b48       0xda binaries/ttygetc.o
                0x0000000000106b48                ttygetc
 .text          0x0000000000106c22      0x4f5 binaries/ttyhandle_in.o
                0x0000000000106ce2                ttyhandle_in
 .text          0x0000000000107117      0x181 binaries/ttyhandle_out.o
                0x0000000000107117                ttyhandle_out
 .text          0x0000000000107298       0x93 binaries/ttyhandler.o
                0x0000000000107298                ttyhandler
 .text          0x000000000010732b      0x17a binaries/ttyinit.o
                0x000000000010732b                ttyinit
 .text          0x00000000001074a5        0xc binaries/ttykickout.o
                0x00000000001074a5                ttykickout
 .text          0x00000000001074b1       0xf0 binaries/ttyputc.o
                0x00000000001074b1                ttyputc
 .text          0x00000000001075a1      0x143 binaries/ttyread.o
                0x00000000001075a1                ttyread
 .text          0x00000000001076e4       0x59 binaries/ttywrite.o
                0x00000000001076e4                ttywrite
 .text          0x000000000010773d      0x152 binaries/mount.o
                0x000000000010773d                namlen
                0x0000000000107773                mount
 .text          0x000000000010788f      0x1f2 binaries/naminit.o
                0x000000000010788f                naminit
 .text          0x0000000000107a81      0x231 binaries/nammap.o
                0x0000000000107a81                namrepl
                0x0000000000107bbe                namcpy
                0x0000000000107c09                nammap
 .text          0x0000000000107cb2       0x5b binaries/namopen.o
                0x0000000000107cb2                namopen
 .text          0x0000000000107d0d       0xfc binaries/colon2mac.o
                0x0000000000107d0d                colon2mac
 .text          0x0000000000107e09       0x8d binaries/ethcontrol.o
                0x0000000000107e09                ethcontrol
 .text          0x0000000000107e96      0x1bc binaries/ethhandler.o
                0x0000000000107e96                ethhandler
 .text          0x0000000000108052      0x573 binaries/ethinit.o
                0x0000000000108052                eth_phy_read
                0x000000000010808d                eth_phy_write
                0x00000000001080cb                eth_phy_reset
                0x00000000001081a0                ethinit
 .text          0x00000000001085c5      0x10d binaries/ethmcast.o
                0x00000000001085c5                ethmcast_add
                0x0000000000108619                ethmcast_remove
 .text          0x00000000001086d2      0x1d8 binaries/ethread.o
                0x00000000001086d2                ethread
 .text          0x00000000001088aa       0xdf binaries/ethwrite.o
                0x00000000001088aa                ethwrite
 .text          0x0000000000108989       0x73 binaries/rdsbufalloc.o
                0x0000000000108989                rdsbufalloc
 .text          0x00000000001089fc       0xb7 binaries/rdsclose.o
                0x00000000001089fc                rdsclose
 .text          0x0000000000108ab3      0x22d binaries/rdscomm.o
                0x0000000000108ab3                rdscomm
 .text          0x0000000000108ce0      0x1d8 binaries/rdscontrol.o
                0x0000000000108ce0                rdscontrol
 .text          0x0000000000108eb8      0x201 binaries/rdsinit.o
                0x0000000000108eb8                rdsinit
 .text          0x00000000001090b9      0x1a4 binaries/rdsopen.o
                0x00000000001090b9                rdsopen
 .text          0x000000000010925d      0x2e5 binaries/rdsprocess.o
                0x000000000010925d                rdsprocess
 .text          0x0000000000109542      0x209 binaries/rdsread.o
                0x0000000000109542                rdsread
 .text          0x000000000010974b      0x1b3 binaries/rdswrite.o
                0x000000000010974b                rdswrite
 .text          0x00000000001098fe        0x6 binaries/ramclose.o
                0x00000000001098fe                ramclose
 .text          0x0000000000109904       0x42 binaries/raminit.o
                0x0000000000109904                raminit
 .text          0x0000000000109946        0x7 binaries/ramopen.o
                0x0000000000109946                ramopen
 .text          0x000000000010994d       0x35 binaries/ramread.o
                0x000000000010994d                ramread
 .text          0x0000000000109982       0x35 binaries/ramwrite.o
                0x0000000000109982                ramwrite
 .text          0x00000000001099b7       0xa3 binaries/lfdballoc.o
                0x00000000001099b7                lfdballoc
 .text          0x0000000000109a5a       0x5c binaries/lfdbfree.o
                0x0000000000109a5a                lfdbfree
 .text          0x0000000000109ab6       0xb5 binaries/lfflush.o
                0x0000000000109ab6                lfflush
 .text          0x0000000000109b6b       0x74 binaries/lfgetmode.o
                0x0000000000109b6b                lfgetmode
 .text          0x0000000000109bdf       0x70 binaries/lfiballoc.o
                0x0000000000109bdf                lfiballoc
 .text          0x0000000000109c4f       0x25 binaries/lfibclear.o
                0x0000000000109c4f                lfibclear
 .text          0x0000000000109c74       0x8f binaries/lfibget.o
                0x0000000000109c74                lfibget
 .text          0x0000000000109d03       0xa8 binaries/lfibput.o
                0x0000000000109d03                lfibput
 .text          0x0000000000109dab       0xc1 binaries/lflclose.o
                0x0000000000109dab                lflclose
 .text          0x0000000000109e6c       0xdb binaries/lflcontrol.o
                0x0000000000109e6c                lflcontrol
 .text          0x0000000000109f47      0x118 binaries/lflgetc.o
                0x0000000000109f47                lflgetc
 .text          0x000000000010a05f       0xf6 binaries/lflinit.o
                0x000000000010a05f                lflinit
 .text          0x000000000010a155      0x150 binaries/lflputc.o
                0x000000000010a155                lflputc
 .text          0x000000000010a2a5       0x77 binaries/lflread.o
                0x000000000010a2a5                lflread
 .text          0x000000000010a31c       0xda binaries/lflseek.o
                0x000000000010a31c                lflseek
 .text          0x000000000010a3f6       0x65 binaries/lflwrite.o
                0x000000000010a3f6                lflwrite
 .text          0x000000000010a45b      0x14f binaries/lfsckfmt.o
                0x000000000010a45b                lfsckfmt
 .text          0x000000000010a5aa      0x1d3 binaries/lfscreate.o
                0x000000000010a5aa                lfscreate
 .text          0x000000000010a77d      0x1f7 binaries/lfsetup.o
                0x000000000010a77d                lfsetup
 .text          0x000000000010a974       0x52 binaries/lfsinit.o
                0x000000000010a974                lfsinit
 .text          0x000000000010a9c6      0x33f binaries/lfsopen.o
                0x000000000010a9c6                lfsopen
 .text          0x000000000010ad05      0x151 binaries/lftruncate.o
                0x000000000010ad05                lftruncate
 .text          0x000000000010ae56       0x83 binaries/rflclose.o
                0x000000000010ae56                rflclose
 .text          0x000000000010aed9       0x38 binaries/rflgetc.o
                0x000000000010aed9                rflgetc
 .text          0x000000000010af11       0x80 binaries/rflinit.o
                0x000000000010af11                rflinit
 .text          0x000000000010af91       0x3b binaries/rflputc.o
                0x000000000010af91                rflputc
 .text          0x000000000010afcc      0x33b binaries/rflread.o
                0x000000000010afcc                rflread
 .text          0x000000000010b307       0x87 binaries/rflseek.o
                0x000000000010b307                rflseek
 .text          0x000000000010b38e      0x360 binaries/rflwrite.o
                0x000000000010b38e                rflwrite
 .text          0x000000000010b6ee      0x1a6 binaries/rfscomm.o
                0x000000000010b6ee                rfscomm
 .text          0x000000000010b894      0x27f binaries/rfscontrol.o
                0x000000000010b894                rfscontrol
 .text          0x000000000010bb13       0x74 binaries/rfsgetmode.o
                0x000000000010bb13                rfsgetmode
 .text          0x000000000010bb87       0x98 binaries/rfsinit.o
                0x000000000010bb87                rfsinit
 .text          0x000000000010bc1f       0xca binaries/rfsndmsg.o
                0x000000000010bc1f                rfsndmsg
 .text          0x000000000010bce9      0x286 binaries/rfsopen.o
                0x000000000010bce9                rfsopen
 .text          0x000000000010bf6f      0x6c0 binaries/arp.o
                0x000000000010bf6f                arp_init
                0x000000000010bf96                arp_alloc
                0x000000000010c047                arp_ntoh
                0x000000000010c0b1                arp_hton
                0x000000000010c11b                arp_resolve
                0x000000000010c3c0                arp_in
 .text          0x000000000010c62f      0x5ea binaries/dhcp.o
                0x000000000010c62f                dhcp_get_opt_val
                0x000000000010c680                dhcp_bld_bootp_msg
                0x000000000010c75e                dhcp_bld_disc
                0x000000000010c7ae                dhcp_bld_req
                0x000000000010c854                getlocalip
 .text          0x000000000010cc19       0xc6 binaries/dot2ip.o
                0x000000000010cc19                dot2ip
 .text          0x000000000010ccdf      0x3cf binaries/hexdump.o
                0x000000000010ccdf                hexdump
                0x000000000010ce71                hexadump
 .text          0x000000000010d0ae      0x778 binaries/icmp.o
                0x000000000010d0ae                icmp_init
                0x000000000010d0d2                icmp_register
                0x000000000010d186                icmp_recv
                0x000000000010d341                icmp_mkpkt
                0x000000000010d438                icmp_in
                0x000000000010d5de                icmp_send
                0x000000000010d661                icmp_release
                0x000000000010d7a4                icmp_cksum
                0x000000000010d7fe                icmp_hton
                0x000000000010d812                icmp_ntoh
 .text          0x000000000010d826      0x648 binaries/ip.o
                0x000000000010d826                ip_local
                0x000000000010d873                ipcksum
                0x000000000010d8c1                ip_ntoh
                0x000000000010d92b                ip_in
                0x000000000010da74                ip_hton
                0x000000000010dade                ip_out
                0x000000000010db9e                ip_send
                0x000000000010dcc8                ipout
                0x000000000010ddcb                ip_enqueue
 .text          0x000000000010de6e      0x1cc binaries/net.o
                0x000000000010de6e                net_init
                0x000000000010df7c                eth_hton
                0x000000000010df86                eth_ntoh
                0x000000000010df90                netin
 .text          0x000000000010e03a       0xd9 binaries/netstart.o
                0x000000000010e03a                netstart
 .text          0x000000000010e113      0xae9 binaries/pdump.o
                0x000000000010e113                pdump
                0x000000000010e750                pdumph
 .text          0x000000000010ebfc      0x5ff binaries/tftp.o
                0x000000000010ebfc                tftp_send1
                0x000000000010ed1e                tftpget_mb
                0x000000000010f1d4                tftpget
 .text          0x000000000010f1fb      0xa9c binaries/udp.o
                0x000000000010f1fb                udp_init
                0x000000000010f23e                udp_in
                0x000000000010f35a                udp_register
                0x000000000010f475                udp_recv
                0x000000000010f61a                udp_recvaddr
                0x000000000010f7d3                udp_send
                0x000000000010f9a0                udp_sendto
                0x000000000010fb2c                udp_release
                0x000000000010fc6f                udp_ntoh
                0x000000000010fc83                udp_hton
 .text          0x000000000010fc97      0x13e binaries/addargs.o
                0x000000000010fc97                addargs
 .text          0x000000000010fdd5      0x234 binaries/lexan.o
                0x000000000010fdd5                lexan
 .text          0x0000000000110009      0x645 binaries/shell.o
                0x0000000000110009                shell
 .text          0x000000000011064e       0x6e binaries/xsh_argecho.o
                0x000000000011064e                xsh_argecho
 .text          0x00000000001106bc      0x244 binaries/xsh_arp.o
                0x00000000001106bc                xsh_arp
 .text          0x0000000000110900      0x271 binaries/xsh_cat.o
                0x0000000000110900                xsh_cat
 .text          0x0000000000110b71       0x70 binaries/xsh_clear.o
                0x0000000000110b71                xsh_clear
 .text          0x0000000000110be1      0x2cb binaries/xsh_date.o
                0x0000000000110be1                xsh_date
 .text          0x0000000000110eac       0xaa binaries/xsh_devdump.o
                0x0000000000110eac                xsh_devdump
 .text          0x0000000000110f56       0x77 binaries/xsh_echo.o
                0x0000000000110f56                xsh_echo
 .text          0x0000000000110fcd        0x6 binaries/xsh_exit.o
                0x0000000000110fcd                xsh_exit
 .text          0x0000000000110fd3      0x384 binaries/xsh_help.o
                0x0000000000110fd3                xsh_help
 .text          0x0000000000111357      0x392 binaries/xsh_ipaddr.o
                0x0000000000111357                xsh_ipaddr
 .text          0x00000000001116e9      0x20e binaries/xsh_kill.o
                0x00000000001116e9                xsh_kill
 .text          0x00000000001118f7      0x448 binaries/xsh_memdump.o
                0x00000000001119a1                xsh_memdump
 .text          0x0000000000111d3f      0x227 binaries/xsh_memstat.o
                0x0000000000111d3f                xsh_memstat
 .text          0x0000000000111f66      0x329 binaries/xsh_ping.o
                0x0000000000111f66                xsh_ping
 .text          0x000000000011228f      0x1dc binaries/xsh_ps.o
                0x000000000011228f                xsh_ps
 .text          0x000000000011246b      0x1e9 binaries/xsh_sleep.o
                0x000000000011246b                xsh_sleep
 .text          0x0000000000112654      0x21d binaries/xsh_udpdump.o
                0x0000000000112654                xsh_udpdump
 .text          0x0000000000112871      0x48b binaries/xsh_udpecho.o
                0x0000000000112871                xsh_udpecho
 .text          0x0000000000112cfc      0x2b8 binaries/xsh_udpeserver.o
                0x0000000000112cfc                xsh_udpeserver
 .text          0x0000000000112fb4      0x1f8 binaries/xsh_uptime.o
                0x0000000000112fb4                xsh_uptime
 .text          0x00000000001131ac        0xe binaries/clkdisp.o
                0x00000000001131ac                clkdisp
 .text          0x00000000001131ba       0x19 binaries/ctxsw.o
                0x00000000001131ba                ctxsw
 .text          0x00000000001131d3      0x368 binaries/intr.o
                0x00000000001131d3                disable
                0x00000000001131dc                restore
                0x00000000001131ea                enable
                0x00000000001131ec                pause
                0x00000000001131f3                halt
                0x00000000001131f6                spurious_irq7
                0x00000000001131fb                spurious_irq15
                0x000000000011320a                _Xint0
                0x0000000000113215                _Xint1
                0x0000000000113220                _Xint2
                0x000000000011322b                _Xint3
                0x0000000000113236                _Xint4
                0x0000000000113241                _Xint5
                0x000000000011324c                _Xint6
                0x0000000000113257                _Xint7
                0x0000000000113262                _Xint8
                0x000000000011326d                _Xint9
                0x0000000000113278                _Xint10
                0x0000000000113283                _Xint11
                0x0000000000113291                _Xint12
                0x000000000011329f                _Xint13
                0x00000000001132ad                _Xint14
                0x00000000001132bb                _Xint15
                0x00000000001132c9                _Xint16
                0x00000000001132d7                _Xint17
                0x00000000001132e5                _Xint18
                0x00000000001132f3                _Xint19
                0x0000000000113301                _Xint20
                0x000000000011330f                _Xint21
                0x000000000011331d                _Xint22
                0x000000000011332b                _Xint23
                0x0000000000113339                _Xint24
                0x0000000000113347                _Xint25
                0x0000000000113355                _Xint26
                0x0000000000113363                _Xint27
                0x0000000000113371                _Xint28
                0x000000000011337f                _Xint29
                0x000000000011338d                _Xint30
                0x000000000011339b                _Xint31
                0x00000000001133a9                _Xint32
                0x00000000001133b7                _Xint33
                0x00000000001133c5                _Xint34
                0x00000000001133d3                _Xint35
                0x00000000001133e1                _Xint36
                0x00000000001133ef                _Xint37
                0x00000000001133fd                _Xint38
                0x000000000011340b                _Xint39
                0x0000000000113419                _Xint40
                0x0000000000113427                _Xint41
                0x0000000000113435                _Xint42
                0x0000000000113443                _Xint43
                0x0000000000113451                _Xint44
                0x000000000011345f                _Xint45
                0x000000000011346d                _Xint46
                0x000000000011347b                defevec
 .text          0x000000000011353b        0xf binaries/ttydispatch.o
                0x000000000011353b                ttydispatch
 .text          0x000000000011354a       0x13 binaries/ethdispatch.o
                0x000000000011354a                ethdispatch
 *(.rodata .rodata.*)
 .rodata.str1.1
                0x000000000011355d       0x54 binaries/ascdate.o
 *fill*         0x00000000001135b1        0x3 
 .rodata.str1.4
                0x00000000001135b4       0x22 binaries/ascdate.o
 .rodata.str1.1
                0x00000000001135d6       0x5f binaries/conf.o
 *fill*         0x0000000000113635        0x3 
 .rodata.str1.4
                0x0000000000113638       0x4f binaries/early_imr.o
 *fill*         0x0000000000113687        0x1 
 .rodata        0x0000000000113688       0x33 binaries/early_imr.o
 .rodata.str1.1
                0x00000000001136bb      0x20c binaries/evec.o
 *fill*         0x00000000001138c7        0x1 
 .rodata.str1.4
                0x00000000001138c8       0x23 binaries/evec.o
 .rodata.str1.1
                0x00000000001138eb        0xb binaries/getutime.o
 *fill*         0x00000000001138f6        0x2 
 .rodata.str1.4
                0x00000000001138f8       0x54 binaries/getutime.o
 .rodata.str1.1
                0x000000000011394c       0x63 binaries/initialize.o
                                         0x67 (size before relaxing)
 *fill*         0x00000000001139af        0x1 
 .rodata.str1.4
                0x00000000001139b0       0xd4 binaries/initialize.o
 .rodata        0x0000000000113a84       0x20 binaries/kill.o
 .rodata.str1.4
                0x0000000000113aa4      0x2a7 binaries/main.o
 .rodata.str1.1
                0x0000000000113d4b      0x24d binaries/main.o
 .rodata.str1.4
                0x0000000000113f98       0x23 binaries/meminit.o
 .rodata.str1.1
                0x0000000000113fbb       0x1b binaries/meminit.o
 .rodata.str1.1
                0x0000000000113fd6        0xf binaries/panic.o
 .rodata.str1.1
                0x0000000000113fe5       0x1c binaries/ptinit.o
 *fill*         0x0000000000114001        0x3 
 .rodata.str1.4
                0x0000000000114004       0x25 binaries/ptsend.o
 .rodata.str1.1
                0x0000000000114029       0x22 binaries/quark_pdat.o
 *fill*         0x000000000011404b        0x1 
 .rodata.str1.4
                0x000000000011404c       0x27 binaries/xdone.o
 *fill*         0x0000000000114073        0xd 
 .rodata        0x0000000000114080       0x81 binaries/ctype_.o
                0x0000000000114080                _ctype_
 .rodata.str1.1
                0x0000000000114101       0x29 binaries/doprnt.o
 *fill*         0x000000000011412a        0x2 
 .rodata        0x000000000011412c       0xc4 binaries/doprnt.o
 .rodata        0x00000000001141f0       0x98 binaries/doscan.o
 .rodata.str1.1
                0x0000000000114288       0x29 binaries/fdoprnt.o
 .rodata        0x0000000000114288       0x84 binaries/fdoprnt.o
 .rodata        0x000000000011430c       0x20 binaries/ttycontrol.o
 .rodata.str1.4
                0x000000000011432c       0x4c binaries/naminit.o
 .rodata.str1.1
                0x0000000000114378       0x32 binaries/naminit.o
                                         0x35 (size before relaxing)
 .rodata.str1.1
                0x00000000001143aa       0x15 binaries/ethinit.o
 *fill*         0x00000000001143bf        0x1 
 .rodata.str1.4
                0x00000000001143c0       0x2e binaries/ethinit.o
 *fill*         0x00000000001143ee        0x2 
 .rodata.str1.4
                0x00000000001143f0       0x2c binaries/rdsbufalloc.o
 .rodata.str1.4
                0x000000000011441c       0x76 binaries/rdscomm.o
 *fill*         0x0000000000114492        0x2 
 .rodata.str1.4
                0x0000000000114494       0x48 binaries/rdscontrol.o
 .rodata.str1.4
                0x00000000001144dc       0x7e binaries/rdsinit.o
 .rodata.str1.1
                0x000000000011455a       0x18 binaries/rdsinit.o
 *fill*         0x0000000000114572        0x2 
 .rodata.str1.4
                0x0000000000114574       0x22 binaries/rdsopen.o
 *fill*         0x0000000000114596        0x2 
 .rodata.str1.4
                0x0000000000114598       0x4d binaries/rdsprocess.o
 .rodata.str1.1
                0x00000000001145e5        0x9 binaries/raminit.o
 .rodata.str1.1
                0x00000000001145ee       0x13 binaries/lfdballoc.o
 *fill*         0x0000000000114601        0x3 
 .rodata.str1.4
                0x0000000000114604       0x23 binaries/lfdballoc.o
 .rodata.str1.1
                0x0000000000114627       0x14 binaries/lfiballoc.o
 *fill*         0x000000000011463b        0x1 
 .rodata.str1.4
                0x000000000011463c       0x23 binaries/lflcontrol.o
 .rodata.str1.1
                0x000000000011465f       0x64 binaries/lfsckfmt.o
 *fill*         0x00000000001146c3        0x1 
 .rodata.str1.4
                0x00000000001146c4       0x51 binaries/lfsckfmt.o
 *fill*         0x0000000000114715        0x3 
 .rodata.str1.4
                0x0000000000114718       0x21 binaries/rflread.o
 .rodata.str1.4
                0x0000000000114739       0x21 binaries/rflwrite.o
 *fill*         0x0000000000114739        0x3 
 .rodata.str1.4
                0x000000000011473c       0x75 binaries/rfscomm.o
 *fill*         0x00000000001147b1        0x3 
 .rodata.str1.4
                0x00000000001147b4       0x23 binaries/rfscontrol.o
 *fill*         0x00000000001147d7        0x1 
 .rodata        0x00000000001147d8       0x18 binaries/rfscontrol.o
 .rodata.str1.1
                0x00000000001147f0       0x10 binaries/rfsinit.o
 .rodata.str1.4
                0x00000000001147f0       0x57 binaries/rfsinit.o
 *fill*         0x0000000000114847        0x1 
 .rodata.str1.4
                0x0000000000114848       0x2a binaries/rfsndmsg.o
 .rodata.str1.4
                0x0000000000114872       0x22 binaries/rfsopen.o
 .rodata.str1.1
                0x0000000000114872       0x19 binaries/arp.o
 *fill*         0x000000000011488b        0x1 
 .rodata.str1.4
                0x000000000011488c       0x21 binaries/arp.o
 *fill*         0x00000000001148ad        0x3 
 .rodata.str1.4
                0x00000000001148b0       0xa6 binaries/dhcp.o
 .rodata.str1.1
                0x0000000000114956       0x4a binaries/dhcp.o
 .rodata.str1.1
                0x00000000001149a0       0x5a binaries/hexdump.o
                                         0x61 (size before relaxing)
 *fill*         0x00000000001149fa        0x2 
 .rodata.str1.4
                0x00000000001149fc       0x67 binaries/hexdump.o
 *fill*         0x0000000000114a63        0x1 
 .rodata.str1.4
                0x0000000000114a64       0x29 binaries/icmp.o
 .rodata.str1.1
                0x0000000000114a8d       0x4e binaries/ip.o
 *fill*         0x0000000000114adb        0x1 
 .rodata.str1.4
                0x0000000000114adc       0x20 binaries/ip.o
 .rodata.str1.4
                0x0000000000114afc       0x28 binaries/net.o
 .rodata.str1.1
                0x0000000000114b24       0x27 binaries/net.o
 *fill*         0x0000000000114b4b        0x1 
 .rodata.str1.4
                0x0000000000114b4c       0xcf binaries/netstart.o
 .rodata.str1.1
                0x0000000000114c1b      0x141 binaries/pdump.o
                                        0x14b (size before relaxing)
 .rodata.str1.4
                0x0000000000114d5c      0x126 binaries/pdump.o
 *fill*         0x0000000000114e82        0x2 
 .rodata.str1.4
                0x0000000000114e84      0x148 binaries/tftp.o
 .rodata.str1.1
                0x0000000000114fcc        0x6 binaries/tftp.o
                                          0xa (size before relaxing)
 .rodata.str1.1
                0x0000000000114fd2       0xe3 binaries/shell.o
                                         0xff (size before relaxing)
 *fill*         0x00000000001150b5        0x3 
 .rodata.str1.4
                0x00000000001150b8      0x1c4 binaries/shell.o
 .rodata.str1.1
                0x000000000011527c       0x26 binaries/xsh_argecho.o
                                         0x28 (size before relaxing)
 .rodata.str1.1
                0x00000000001152a2       0x70 binaries/xsh_arp.o
                                         0x72 (size before relaxing)
 *fill*         0x0000000000115312        0x2 
 .rodata.str1.4
                0x0000000000115314       0xb4 binaries/xsh_arp.o
 .rodata.str1.1
                0x00000000001153c8       0x2d binaries/xsh_cat.o
                                         0x4f (size before relaxing)
 *fill*         0x00000000001153f5        0x3 
 .rodata.str1.4
                0x00000000001153f8       0x52 binaries/xsh_cat.o
                                         0x79 (size before relaxing)
 .rodata.str1.1
                0x000000000011544a       0x15 binaries/xsh_clear.o
 .rodata.str1.1
                0x000000000011545f       0x46 binaries/xsh_date.o
                                         0x5f (size before relaxing)
 *fill*         0x00000000001154a5        0x3 
 .rodata.str1.4
                0x00000000001154a8      0x163 binaries/xsh_date.o
 .rodata.str1.1
                0x000000000011560b       0x5d binaries/xsh_devdump.o
 .rodata.str1.1
                0x0000000000115668        0x4 binaries/xsh_echo.o
                                          0x9 (size before relaxing)
 .rodata.str1.1
                0x000000000011566c       0x65 binaries/xsh_help.o
                                         0xa3 (size before relaxing)
 *fill*         0x00000000001156d1        0x3 
 .rodata.str1.4
                0x00000000001156d4       0x7c binaries/xsh_help.o
                                         0xc6 (size before relaxing)
 .rodata.str1.1
                0x0000000000115750       0x9c binaries/xsh_ipaddr.o
                                         0xf8 (size before relaxing)
 .rodata.str1.4
                0x00000000001157ec       0x4d binaries/xsh_ipaddr.o
                                         0x99 (size before relaxing)
 .rodata.str1.1
                0x0000000000115839       0x78 binaries/xsh_kill.o
                                         0x97 (size before relaxing)
 *fill*         0x00000000001158b1        0x3 
 .rodata.str1.4
                0x00000000001158b4       0x4a binaries/xsh_kill.o
                                         0x96 (size before relaxing)
 .rodata.str1.1
                0x00000000001158fe       0x84 binaries/xsh_memdump.o
                                         0xa8 (size before relaxing)
 *fill*         0x0000000000115982        0x2 
 .rodata.str1.4
                0x0000000000115984      0x15a binaries/xsh_memdump.o
                                        0x1aa (size before relaxing)
 .rodata.str1.1
                0x0000000000115ade       0x40 binaries/xsh_memstat.o
                                         0x79 (size before relaxing)
 *fill*         0x0000000000115b1e        0x2 
 .rodata.str1.4
                0x0000000000115b20      0x187 binaries/xsh_memstat.o
                                        0x1af (size before relaxing)
 .rodata.str1.1
                0x0000000000115ca7       0x90 binaries/xsh_ping.o
                                         0xaf (size before relaxing)
 *fill*         0x0000000000115d37        0x1 
 .rodata.str1.4
                0x0000000000115d38       0x77 binaries/xsh_ping.o
                                         0xc6 (size before relaxing)
 .rodata.str1.1
                0x0000000000115daf       0x74 binaries/xsh_ps.o
                                         0xd5 (size before relaxing)
 *fill*         0x0000000000115e23        0x1 
 .rodata.str1.4
                0x0000000000115e24       0x80 binaries/xsh_ps.o
                                         0xd0 (size before relaxing)
 .rodata.str1.1
                0x0000000000115ea4       0x31 binaries/xsh_sleep.o
                                         0x72 (size before relaxing)
 *fill*         0x0000000000115ed5        0x3 
 .rodata.str1.4
                0x0000000000115ed8       0x2a binaries/xsh_sleep.o
                                         0x7a (size before relaxing)
 .rodata.str1.1
                0x0000000000115f02       0x6b binaries/xsh_udpdump.o
                                         0xd2 (size before relaxing)
 *fill*         0x0000000000115f6d        0x3 
 .rodata.str1.4
                0x0000000000115f70       0x94 binaries/xsh_udpdump.o
                                         0xe4 (size before relaxing)
 .rodata.str1.1
                0x0000000000116004       0xdb binaries/xsh_udpecho.o
                                         0xfa (size before relaxing)
 *fill*         0x00000000001160df        0x1 
 .rodata.str1.4
                0x00000000001160e0       0xc7 binaries/xsh_udpecho.o
                                        0x116 (size before relaxing)
 .rodata.str1.1
                0x00000000001161a7       0x66 binaries/xsh_udpeserver.o
                                         0x8f (size before relaxing)
 *fill*         0x000000000011620d        0x3 
 .rodata.str1.4
                0x0000000000116210       0x29 binaries/xsh_udpeserver.o
                                         0x9f (size before relaxing)
 .rodata.str1.1
                0x0000000000116239       0x49 binaries/xsh_uptime.o
                                         0x8c (size before relaxing)
 *fill*         0x0000000000116282        0x2 
 .rodata.str1.4
                0x0000000000116284       0x28 binaries/xsh_uptime.o
                                         0x76 (size before relaxing)
                0x00000000001162ac                etext = ABSOLUTE (.)
                0x0000000000117000                . = ALIGN (0x1000)
 *fill*         0x00000000001162ac      0xd54 

.eh_frame       0x0000000000117000     0x766c
 .eh_frame      0x0000000000117000       0x98 binaries/ascdate.o
 .eh_frame      0x0000000000117098       0x28 binaries/bufinit.o
                                         0x40 (size before relaxing)
 .eh_frame      0x00000000001170c0       0x54 binaries/chprio.o
                                         0x80 (size before relaxing)
 .eh_frame      0x0000000000117114       0x24 binaries/clkhandler.o
                                         0x50 (size before relaxing)
 .eh_frame      0x0000000000117138       0x44 binaries/clkinit.o
                                         0x70 (size before relaxing)
 .eh_frame      0x000000000011717c       0x44 binaries/close.o
                                         0x70 (size before relaxing)
 .eh_frame      0x00000000001171c0       0x48 binaries/control.o
                                         0x74 (size before relaxing)
 .eh_frame      0x0000000000117208       0x5c binaries/create.o
                                         0x88 (size before relaxing)
 .eh_frame      0x0000000000117264      0x164 binaries/early_imr.o
                                        0x190 (size before relaxing)
 .eh_frame      0x00000000001173c8      0x1f8 binaries/evec.o
                                        0x224 (size before relaxing)
 .eh_frame      0x00000000001175c0       0x58 binaries/freebuf.o
                                         0x84 (size before relaxing)
 .eh_frame      0x0000000000117618       0x5c binaries/freemem.o
                                         0x88 (size before relaxing)
 .eh_frame      0x0000000000117674       0x50 binaries/getbuf.o
                                         0x7c (size before relaxing)
 .eh_frame      0x00000000001176c4       0x44 binaries/getc.o
                                         0x70 (size before relaxing)
 .eh_frame      0x0000000000117708       0x60 binaries/getdev.o
                                         0x8c (size before relaxing)
 .eh_frame      0x0000000000117768       0x68 binaries/getitem.o
                                         0x94 (size before relaxing)
 .eh_frame      0x00000000001177d0       0x54 binaries/getmem.o
                                         0x80 (size before relaxing)
 .eh_frame      0x0000000000117824       0x14 binaries/getpid.o
                                         0x40 (size before relaxing)
 .eh_frame      0x0000000000117838       0x40 binaries/getprio.o
                                         0x6c (size before relaxing)
 .eh_frame      0x0000000000117878       0x5c binaries/getstk.o
                                         0x88 (size before relaxing)
 .eh_frame      0x00000000001178d4       0x2c binaries/gettime.o
                                         0x58 (size before relaxing)
 .eh_frame      0x0000000000117900       0x98 binaries/getutime.o
                                         0xc4 (size before relaxing)
 .eh_frame      0x0000000000117998       0x44 binaries/init.o
                                         0x70 (size before relaxing)
 .eh_frame      0x00000000001179dc       0xe0 binaries/initialize.o
                                        0x10c (size before relaxing)
 .eh_frame      0x0000000000117abc       0x44 binaries/insert.o
                                         0x5c (size before relaxing)
 .eh_frame      0x0000000000117b00       0x40 binaries/insertd.o
                                         0x6c (size before relaxing)
 .eh_frame      0x0000000000117b40       0x14 binaries/ioerr.o
                                         0x2c (size before relaxing)
 .eh_frame      0x0000000000117b54       0x14 binaries/ionull.o
                                         0x2c (size before relaxing)
 .eh_frame      0x0000000000117b68       0x78 binaries/kill.o
                                         0xa4 (size before relaxing)
 .eh_frame      0x0000000000117be0       0x90 binaries/kprintf.o
                                         0xd0 (size before relaxing)
 .eh_frame      0x0000000000117c70       0x14 binaries/lcreate.o
                                         0x2c (size before relaxing)
 .eh_frame      0x0000000000117c84       0x14 binaries/ldelete.o
                                         0x2c (size before relaxing)
 .eh_frame      0x0000000000117c98       0x14 binaries/linit.o
                                         0x2c (size before relaxing)
 .eh_frame      0x0000000000117cac       0x14 binaries/lock.o
                                         0x2c (size before relaxing)
 .eh_frame      0x0000000000117cc0      0x710 binaries/main.o
                                        0x73c (size before relaxing)
 .eh_frame      0x00000000001183d0       0x64 binaries/mark.o
                                         0x90 (size before relaxing)
 .eh_frame      0x0000000000118434       0x80 binaries/meminit.o
                                         0xac (size before relaxing)
 .eh_frame      0x00000000001184b4       0x78 binaries/mkbufpool.o
                                         0xa4 (size before relaxing)
 .eh_frame      0x000000000011852c       0x30 binaries/newqueue.o
                                         0x48 (size before relaxing)
 .eh_frame      0x000000000011855c       0x48 binaries/open.o
                                         0x74 (size before relaxing)
 .eh_frame      0x00000000001185a4       0x28 binaries/panic.o
                                         0x54 (size before relaxing)
 .eh_frame      0x00000000001185cc       0xf4 binaries/pci.o
                                        0x10c (size before relaxing)
 .eh_frame      0x00000000001186c0       0x40 binaries/platinit.o
                                         0x6c (size before relaxing)
 .eh_frame      0x0000000000118700       0x6c binaries/ptclear.o
                                         0x98 (size before relaxing)
 .eh_frame      0x000000000011876c       0x64 binaries/ptcount.o
                                         0x90 (size before relaxing)
 .eh_frame      0x00000000001187d0       0x60 binaries/ptcreate.o
                                         0x8c (size before relaxing)
 .eh_frame      0x0000000000118830       0x48 binaries/ptdelete.o
                                         0x74 (size before relaxing)
 .eh_frame      0x0000000000118878       0x44 binaries/ptinit.o
                                         0x70 (size before relaxing)
 .eh_frame      0x00000000001188bc       0x64 binaries/ptrecv.o
                                         0x90 (size before relaxing)
 .eh_frame      0x0000000000118920       0x48 binaries/ptreset.o
                                         0x74 (size before relaxing)
 .eh_frame      0x0000000000118968       0x70 binaries/ptsend.o
                                         0x9c (size before relaxing)
 .eh_frame      0x00000000001189d8       0x54 binaries/putc.o
                                         0x80 (size before relaxing)
 .eh_frame      0x0000000000118a2c       0x6c binaries/quark_irq.o
                                         0x98 (size before relaxing)
 .eh_frame      0x0000000000118a98       0xe8 binaries/quark_pdat.o
                                        0x114 (size before relaxing)
 .eh_frame      0x0000000000118b80       0x4c binaries/queue.o
                                         0x78 (size before relaxing)
 .eh_frame      0x0000000000118bcc       0x48 binaries/read.o
                                         0x74 (size before relaxing)
 .eh_frame      0x0000000000118c14       0x34 binaries/ready.o
                                         0x60 (size before relaxing)
 .eh_frame      0x0000000000118c48       0x50 binaries/receive.o
                                         0x7c (size before relaxing)
 .eh_frame      0x0000000000118c98       0x38 binaries/recvclr.o
                                         0x64 (size before relaxing)
 .eh_frame      0x0000000000118cd0       0x60 binaries/recvtime.o
                                         0x8c (size before relaxing)
 .eh_frame      0x0000000000118d30       0x14 binaries/releaseall.o
                                         0x2c (size before relaxing)
 .eh_frame      0x0000000000118d44       0x78 binaries/resched.o
                                         0xb8 (size before relaxing)
 .eh_frame      0x0000000000118dbc       0x5c binaries/resume.o
                                         0x88 (size before relaxing)
 .eh_frame      0x0000000000118e18       0x44 binaries/seek.o
                                         0x70 (size before relaxing)
 .eh_frame      0x0000000000118e5c       0x40 binaries/semcount.o
                                         0x6c (size before relaxing)
 .eh_frame      0x0000000000118e9c       0x54 binaries/semcreate.o
                                         0x80 (size before relaxing)
 .eh_frame      0x0000000000118ef0       0x6c binaries/semdelete.o
                                         0x98 (size before relaxing)
 .eh_frame      0x0000000000118f5c       0x6c binaries/semreset.o
                                         0x98 (size before relaxing)
 .eh_frame      0x0000000000118fc8       0x60 binaries/send.o
                                         0x8c (size before relaxing)
 .eh_frame      0x0000000000119028       0x54 binaries/signal.o
                                         0x80 (size before relaxing)
 .eh_frame      0x000000000011907c       0x70 binaries/signaln.o
                                         0x9c (size before relaxing)
 .eh_frame      0x00000000001190ec       0x80 binaries/sleep.o
                                         0xac (size before relaxing)
 .eh_frame      0x000000000011916c       0x54 binaries/suspend.o
                                         0x80 (size before relaxing)
 .eh_frame      0x00000000001191c0       0x4c binaries/unsleep.o
                                         0x78 (size before relaxing)
 .eh_frame      0x000000000011920c       0x28 binaries/userret.o
                                         0x54 (size before relaxing)
 .eh_frame      0x0000000000119234       0x58 binaries/wait.o
                                         0x84 (size before relaxing)
 .eh_frame      0x000000000011928c       0x48 binaries/wakeup.o
                                         0x74 (size before relaxing)
 .eh_frame      0x00000000001192d4       0x48 binaries/write.o
                                         0x74 (size before relaxing)
 .eh_frame      0x000000000011931c       0x24 binaries/xdone.o
                                         0x50 (size before relaxing)
 .eh_frame      0x0000000000119340       0x30 binaries/yield.o
                                         0x5c (size before relaxing)
 .eh_frame      0x0000000000119370       0x14 binaries/abs.o
                                         0x2c (size before relaxing)
 .eh_frame      0x0000000000119384       0x28 binaries/atoi.o
                                         0x40 (size before relaxing)
 .eh_frame      0x00000000001193ac       0x28 binaries/atol.o
                                         0x40 (size before relaxing)
 .eh_frame      0x00000000001193d4       0x14 binaries/bzero.o
                                         0x2c (size before relaxing)
 .eh_frame      0x00000000001193e8      0x174 binaries/doprnt.o
                                        0x1a0 (size before relaxing)
 .eh_frame      0x000000000011955c      0x108 binaries/doscan.o
                                        0x134 (size before relaxing)
 .eh_frame      0x0000000000119664      0x114 binaries/fdoprnt.o
                                        0x140 (size before relaxing)
 .eh_frame      0x0000000000119778       0x2c binaries/fgetc.o
                                         0x58 (size before relaxing)
 .eh_frame      0x00000000001197a4       0x48 binaries/fgets.o
                                         0x74 (size before relaxing)
 .eh_frame      0x00000000001197ec       0x2c binaries/fprintf.o
                                         0x58 (size before relaxing)
 .eh_frame      0x0000000000119818       0x2c binaries/fputc.o
                                         0x58 (size before relaxing)
 .eh_frame      0x0000000000119844       0x3c binaries/fputs.o
                                         0x68 (size before relaxing)
 .eh_frame      0x0000000000119880       0x7c binaries/fscanf.o
                                         0xa8 (size before relaxing)
 .eh_frame      0x00000000001198fc       0x24 binaries/getchar.o
                                         0x50 (size before relaxing)
 .eh_frame      0x0000000000119920       0x14 binaries/labs.o
                                         0x2c (size before relaxing)
 .eh_frame      0x0000000000119934       0x14 binaries/memchr.o
                                         0x2c (size before relaxing)
 .eh_frame      0x0000000000119948       0x28 binaries/memcmp.o
                                         0x40 (size before relaxing)
 .eh_frame      0x0000000000119970       0x24 binaries/memcpy.o
                                         0x3c (size before relaxing)
 .eh_frame      0x0000000000119994       0x1c binaries/memset.o
                                         0x34 (size before relaxing)
 .eh_frame      0x00000000001199b0       0x2c binaries/printf.o
                                         0x58 (size before relaxing)
 .eh_frame      0x00000000001199dc       0x28 binaries/putchar.o
                                         0x54 (size before relaxing)
 .eh_frame      0x0000000000119a04       0xdc binaries/qsort.o
                                        0x11c (size before relaxing)
 .eh_frame      0x0000000000119ae0       0x28 binaries/rand.o
                                         0x68 (size before relaxing)
 .eh_frame      0x0000000000119b08       0x54 binaries/sprintf.o
                                         0x80 (size before relaxing)
 .eh_frame      0x0000000000119b5c       0x5c binaries/sscanf.o
                                         0x88 (size before relaxing)
 .eh_frame      0x0000000000119bb8       0x20 binaries/strchr.o
                                         0x38 (size before relaxing)
 .eh_frame      0x0000000000119bd8       0x20 binaries/strcmp.o
                                         0x38 (size before relaxing)
 .eh_frame      0x0000000000119bf8       0x14 binaries/strcpy.o
                                         0x2c (size before relaxing)
 .eh_frame      0x0000000000119c0c       0x14 binaries/strlen.o
                                         0x2c (size before relaxing)
 .eh_frame      0x0000000000119c20       0x2c binaries/strncat.o
                                         0x44 (size before relaxing)
 .eh_frame      0x0000000000119c4c       0x1c binaries/strncmp.o
                                         0x34 (size before relaxing)
 .eh_frame      0x0000000000119c68       0x30 binaries/strncpy.o
                                         0x48 (size before relaxing)
 .eh_frame      0x0000000000119c98       0x14 binaries/strnlen.o
                                         0x2c (size before relaxing)
 .eh_frame      0x0000000000119cac       0x20 binaries/strrchr.o
                                         0x38 (size before relaxing)
 .eh_frame      0x0000000000119ccc       0x3c binaries/strstr.o
                                         0x54 (size before relaxing)
 .eh_frame      0x0000000000119d08       0x58 binaries/ttycontrol.o
                                         0x84 (size before relaxing)
 .eh_frame      0x0000000000119d60       0x44 binaries/ttygetc.o
                                         0x70 (size before relaxing)
 .eh_frame      0x0000000000119da4       0xe0 binaries/ttyhandle_in.o
                                        0x10c (size before relaxing)
 .eh_frame      0x0000000000119e84       0x68 binaries/ttyhandle_out.o
                                         0x94 (size before relaxing)
 .eh_frame      0x0000000000119eec       0x5c binaries/ttyhandler.o
                                         0x88 (size before relaxing)
 .eh_frame      0x0000000000119f48       0x4c binaries/ttyinit.o
                                         0x78 (size before relaxing)
 .eh_frame      0x0000000000119f94       0x14 binaries/ttykickout.o
                                         0x2c (size before relaxing)
 .eh_frame      0x0000000000119fa8       0x64 binaries/ttyputc.o
                                         0x90 (size before relaxing)
 .eh_frame      0x000000000011a00c       0x64 binaries/ttyread.o
                                         0x90 (size before relaxing)
 .eh_frame      0x000000000011a070       0x4c binaries/ttywrite.o
                                         0x78 (size before relaxing)
 .eh_frame      0x000000000011a0bc       0x7c binaries/mount.o
                                         0xa8 (size before relaxing)
 .eh_frame      0x000000000011a138       0xe4 binaries/naminit.o
                                        0x110 (size before relaxing)
 .eh_frame      0x000000000011a21c       0xf0 binaries/nammap.o
                                        0x130 (size before relaxing)
 .eh_frame      0x000000000011a30c       0x48 binaries/namopen.o
                                         0x74 (size before relaxing)
 .eh_frame      0x000000000011a354       0x3c binaries/colon2mac.o
                                         0x68 (size before relaxing)
 .eh_frame      0x000000000011a390       0x4c binaries/ethcontrol.o
                                         0x78 (size before relaxing)
 .eh_frame      0x000000000011a3dc       0x58 binaries/ethhandler.o
                                         0x84 (size before relaxing)
 .eh_frame      0x000000000011a434      0x154 binaries/ethinit.o
                                        0x180 (size before relaxing)
 .eh_frame      0x000000000011a588       0xa8 binaries/ethmcast.o
                                         0xd4 (size before relaxing)
 .eh_frame      0x000000000011a630       0x80 binaries/ethread.o
                                         0xac (size before relaxing)
 .eh_frame      0x000000000011a6b0       0x48 binaries/ethwrite.o
                                         0x74 (size before relaxing)
 .eh_frame      0x000000000011a6f8       0x3c binaries/rdsbufalloc.o
                                         0x68 (size before relaxing)
 .eh_frame      0x000000000011a734       0x3c binaries/rdsclose.o
                                         0x68 (size before relaxing)
 .eh_frame      0x000000000011a770       0x90 binaries/rdscomm.o
                                         0xbc (size before relaxing)
 .eh_frame      0x000000000011a800       0xb4 binaries/rdscontrol.o
                                         0xe0 (size before relaxing)
 .eh_frame      0x000000000011a8b4       0x9c binaries/rdsinit.o
                                         0xc8 (size before relaxing)
 .eh_frame      0x000000000011a950       0x80 binaries/rdsopen.o
                                         0xac (size before relaxing)
 .eh_frame      0x000000000011a9d0       0xf8 binaries/rdsprocess.o
                                        0x124 (size before relaxing)
 .eh_frame      0x000000000011aac8       0x7c binaries/rdsread.o
                                         0xa8 (size before relaxing)
 .eh_frame      0x000000000011ab44       0x80 binaries/rdswrite.o
                                         0xac (size before relaxing)
 .eh_frame      0x000000000011abc4       0x14 binaries/ramclose.o
                                         0x2c (size before relaxing)
 .eh_frame      0x000000000011abd8       0x40 binaries/raminit.o
                                         0x6c (size before relaxing)
 .eh_frame      0x000000000011ac18       0x14 binaries/ramopen.o
                                         0x2c (size before relaxing)
 .eh_frame      0x000000000011ac2c       0x2c binaries/ramread.o
                                         0x58 (size before relaxing)
 .eh_frame      0x000000000011ac58       0x2c binaries/ramwrite.o
                                         0x58 (size before relaxing)
 .eh_frame      0x000000000011ac84       0x80 binaries/lfdballoc.o
                                         0xac (size before relaxing)
 .eh_frame      0x000000000011ad04       0x50 binaries/lfdbfree.o
                                         0x7c (size before relaxing)
 .eh_frame      0x000000000011ad54       0x5c binaries/lfflush.o
                                         0x88 (size before relaxing)
 .eh_frame      0x000000000011adb0       0x14 binaries/lfgetmode.o
                                         0x2c (size before relaxing)
 .eh_frame      0x000000000011adc4       0x5c binaries/lfiballoc.o
                                         0x88 (size before relaxing)
 .eh_frame      0x000000000011ae20       0x14 binaries/lfibclear.o
                                         0x2c (size before relaxing)
 .eh_frame      0x000000000011ae34       0x4c binaries/lfibget.o
                                         0x78 (size before relaxing)
 .eh_frame      0x000000000011ae80       0x68 binaries/lfibput.o
                                         0x94 (size before relaxing)
 .eh_frame      0x000000000011aee8       0x54 binaries/lflclose.o
                                         0x80 (size before relaxing)
 .eh_frame      0x000000000011af3c       0x74 binaries/lflcontrol.o
                                         0xa0 (size before relaxing)
 .eh_frame      0x000000000011afb0       0x6c binaries/lflgetc.o
                                         0x98 (size before relaxing)
 .eh_frame      0x000000000011b01c       0x5c binaries/lflinit.o
                                         0x88 (size before relaxing)
 .eh_frame      0x000000000011b078       0x6c binaries/lflputc.o
                                         0x98 (size before relaxing)
 .eh_frame      0x000000000011b0e4       0x48 binaries/lflread.o
                                         0x74 (size before relaxing)
 .eh_frame      0x000000000011b12c       0x60 binaries/lflseek.o
                                         0x8c (size before relaxing)
 .eh_frame      0x000000000011b18c       0x48 binaries/lflwrite.o
                                         0x74 (size before relaxing)
 .eh_frame      0x000000000011b1d4       0xd4 binaries/lfsckfmt.o
                                        0x100 (size before relaxing)
 .eh_frame      0x000000000011b2a8       0xd4 binaries/lfscreate.o
                                        0x100 (size before relaxing)
 .eh_frame      0x000000000011b37c       0xbc binaries/lfsetup.o
                                         0xe8 (size before relaxing)
 .eh_frame      0x000000000011b438       0x38 binaries/lfsinit.o
                                         0x64 (size before relaxing)
 .eh_frame      0x000000000011b470       0x90 binaries/lfsopen.o
                                         0xbc (size before relaxing)
 .eh_frame      0x000000000011b500       0x84 binaries/lftruncate.o
                                         0xb0 (size before relaxing)
 .eh_frame      0x000000000011b584       0x3c binaries/rflclose.o
                                         0x68 (size before relaxing)
 .eh_frame      0x000000000011b5c0       0x30 binaries/rflgetc.o
                                         0x5c (size before relaxing)
 .eh_frame      0x000000000011b5f0       0x30 binaries/rflinit.o
                                         0x5c (size before relaxing)
 .eh_frame      0x000000000011b620       0x30 binaries/rflputc.o
                                         0x5c (size before relaxing)
 .eh_frame      0x000000000011b650       0xdc binaries/rflread.o
                                        0x108 (size before relaxing)
 .eh_frame      0x000000000011b72c       0x3c binaries/rflseek.o
                                         0x68 (size before relaxing)
 .eh_frame      0x000000000011b768       0xd0 binaries/rflwrite.o
                                         0xfc (size before relaxing)
 .eh_frame      0x000000000011b838       0x88 binaries/rfscomm.o
                                         0xb4 (size before relaxing)
 .eh_frame      0x000000000011b8c0      0x11c binaries/rfscontrol.o
                                        0x148 (size before relaxing)
 .eh_frame      0x000000000011b9dc       0x14 binaries/rfsgetmode.o
                                         0x2c (size before relaxing)
 .eh_frame      0x000000000011b9f0       0x50 binaries/rfsinit.o
                                         0x7c (size before relaxing)
 .eh_frame      0x000000000011ba40       0x50 binaries/rfsndmsg.o
                                         0x7c (size before relaxing)
 .eh_frame      0x000000000011ba90       0xdc binaries/rfsopen.o
                                        0x108 (size before relaxing)
 .eh_frame      0x000000000011bb6c      0x27c binaries/arp.o
                                        0x2bc (size before relaxing)
 .eh_frame      0x000000000011bde8      0x284 binaries/dhcp.o
                                        0x2b0 (size before relaxing)
 .eh_frame      0x000000000011c06c       0x40 binaries/dot2ip.o
                                         0x58 (size before relaxing)
 .eh_frame      0x000000000011c0ac      0x1bc binaries/hexdump.o
                                        0x1e8 (size before relaxing)
 .eh_frame      0x000000000011c268      0x310 binaries/icmp.o
                                        0x350 (size before relaxing)
 .eh_frame      0x000000000011c578      0x2e8 binaries/ip.o
                                        0x314 (size before relaxing)
 .eh_frame      0x000000000011c860      0x138 binaries/net.o
                                        0x164 (size before relaxing)
 .eh_frame      0x000000000011c998       0x74 binaries/netstart.o
                                         0xa0 (size before relaxing)
 .eh_frame      0x000000000011ca0c      0x394 binaries/pdump.o
                                        0x3c0 (size before relaxing)
 .eh_frame      0x000000000011cda0      0x260 binaries/tftp.o
                                        0x28c (size before relaxing)
 .eh_frame      0x000000000011d000      0x36c binaries/udp.o
                                        0x3ac (size before relaxing)
 .eh_frame      0x000000000011d36c       0x68 binaries/addargs.o
                                         0x94 (size before relaxing)
 .eh_frame      0x000000000011d3d4       0x40 binaries/lexan.o
                                         0x58 (size before relaxing)
 .eh_frame      0x000000000011d414      0x24c binaries/shell.o
                                        0x278 (size before relaxing)
 .eh_frame      0x000000000011d660       0x5c binaries/xsh_argecho.o
                                         0x88 (size before relaxing)
 .eh_frame      0x000000000011d6bc       0xe0 binaries/xsh_arp.o
                                        0x10c (size before relaxing)
 .eh_frame      0x000000000011d79c       0xb0 binaries/xsh_cat.o
                                         0xdc (size before relaxing)
 .eh_frame      0x000000000011d84c       0x3c binaries/xsh_clear.o
                                         0x68 (size before relaxing)
 .eh_frame      0x000000000011d888      0x108 binaries/xsh_date.o
                                        0x134 (size before relaxing)
 .eh_frame      0x000000000011d990       0x64 binaries/xsh_devdump.o
                                         0x90 (size before relaxing)
 .eh_frame      0x000000000011d9f4       0x5c binaries/xsh_echo.o
                                         0x88 (size before relaxing)
 .eh_frame      0x000000000011da50       0x14 binaries/xsh_exit.o
                                         0x2c (size before relaxing)
 .eh_frame      0x000000000011da64       0xd4 binaries/xsh_help.o
                                        0x100 (size before relaxing)
 .eh_frame      0x000000000011db38      0x194 binaries/xsh_ipaddr.o
                                        0x1c0 (size before relaxing)
 .eh_frame      0x000000000011dccc       0xac binaries/xsh_kill.o
                                         0xd8 (size before relaxing)
 .eh_frame      0x000000000011dd78      0x130 binaries/xsh_memdump.o
                                        0x15c (size before relaxing)
 .eh_frame      0x000000000011dea8       0xbc binaries/xsh_memstat.o
                                         0xe8 (size before relaxing)
 .eh_frame      0x000000000011df64      0x10c binaries/xsh_ping.o
                                        0x138 (size before relaxing)
 .eh_frame      0x000000000011e070       0xd8 binaries/xsh_ps.o
                                        0x104 (size before relaxing)
 .eh_frame      0x000000000011e148       0xac binaries/xsh_sleep.o
                                         0xd8 (size before relaxing)
 .eh_frame      0x000000000011e1f4       0xe8 binaries/xsh_udpdump.o
                                        0x114 (size before relaxing)
 .eh_frame      0x000000000011e2dc      0x1b0 binaries/xsh_udpecho.o
                                        0x1dc (size before relaxing)
 .eh_frame      0x000000000011e48c      0x128 binaries/xsh_udpeserver.o
                                        0x154 (size before relaxing)
 .eh_frame      0x000000000011e5b4       0xb8 binaries/xsh_uptime.o
                                         0xe4 (size before relaxing)

.iplt           0x000000000011e670        0x0
 .iplt          0x000000000011e670        0x0 binaries/start.o

.rel.dyn        0x000000000011e66c        0x0
 .rel.got       0x000000000011e66c        0x0 binaries/start.o
 .rel.iplt      0x000000000011e66c        0x0 binaries/start.o
 .rel.text      0x000000000011e66c        0x0 binaries/start.o

.data           0x000000000011e680     0x1980
                0x000000000011e680                data = ABSOLUTE (.)
 *(.data .data.*)
 .data          0x000000000011e680      0x85a binaries/start.o
                0x000000000011e680                gdt
                0x000000000011e6d0                idt
                0x000000000011eed6                cpudelay
 .data          0x000000000011eeda        0x0 binaries/ascdate.o
 *fill*         0x000000000011eeda        0x6 
 .data.rel.local
                0x000000000011eee0       0x88 binaries/ascdate.o
                0x000000000011eee0                Date
 .data          0x000000000011ef68        0x0 binaries/bufinit.o
 .data          0x000000000011ef68        0x0 binaries/chprio.o
 .data          0x000000000011ef68        0x4 binaries/clkhandler.o
 .data          0x000000000011ef6c        0x0 binaries/clkinit.o
 .data          0x000000000011ef6c        0x0 binaries/close.o
 .data          0x000000000011ef6c        0x0 binaries/conf.o
 *fill*         0x000000000011ef6c       0x14 
 .data.rel      0x000000000011ef80      0x30c binaries/conf.o
                0x000000000011ef80                devtab
 .data          0x000000000011f28c        0x0 binaries/control.o
 .data          0x000000000011f28c        0x4 binaries/create.o
 .data          0x000000000011f290        0x0 binaries/early_imr.o
 .data          0x000000000011f290        0x0 binaries/evec.o
 *fill*         0x000000000011f290       0x10 
 .data.rel.local
                0x000000000011f2a0       0x40 binaries/evec.o
                0x000000000011f2a0                inames
 .data          0x000000000011f2e0        0x0 binaries/freebuf.o
 .data          0x000000000011f2e0        0x0 binaries/freemem.o
 .data          0x000000000011f2e0        0x0 binaries/getbuf.o
 .data          0x000000000011f2e0        0x0 binaries/getc.o
 .data          0x000000000011f2e0        0x0 binaries/getdev.o
 .data          0x000000000011f2e0        0x0 binaries/getitem.o
 .data          0x000000000011f2e0        0x0 binaries/getmem.o
 .data          0x000000000011f2e0        0x0 binaries/getpid.o
 .data          0x000000000011f2e0        0x0 binaries/getprio.o
 .data          0x000000000011f2e0        0x0 binaries/getstk.o
 .data          0x000000000011f2e0        0x0 binaries/gettime.o
 .data          0x000000000011f2e0        0x0 binaries/getutime.o
 .data          0x000000000011f2e0        0x0 binaries/init.o
 .data          0x000000000011f2e0        0x0 binaries/initialize.o
 .data          0x000000000011f2e0        0x0 binaries/insert.o
 .data          0x000000000011f2e0        0x0 binaries/insertd.o
 .data          0x000000000011f2e0        0x0 binaries/ioerr.o
 .data          0x000000000011f2e0        0x0 binaries/ionull.o
 .data          0x000000000011f2e0        0x0 binaries/kill.o
 .data          0x000000000011f2e0        0x0 binaries/kprintf.o
 .data          0x000000000011f2e0        0x0 binaries/lcreate.o
 .data          0x000000000011f2e0        0x0 binaries/ldelete.o
 .data          0x000000000011f2e0        0x0 binaries/linit.o
 .data          0x000000000011f2e0        0x0 binaries/lock.o
 .data          0x000000000011f2e0        0x0 binaries/main.o
 .data          0x000000000011f2e0        0x0 binaries/mark.o
 .data          0x000000000011f2e0       0x48 binaries/meminit.o
                0x000000000011f2e0                gdt_copy
                0x000000000011f320                bootinfo
                0x000000000011f324                bootsign
 .data          0x000000000011f328        0x0 binaries/mkbufpool.o
 .data          0x000000000011f328        0x2 binaries/newqueue.o
 .data          0x000000000011f32a        0x0 binaries/open.o
 .data          0x000000000011f32a        0x0 binaries/panic.o
 .data          0x000000000011f32a        0x0 binaries/pci.o
 .data          0x000000000011f32a        0x0 binaries/platinit.o
 .data          0x000000000011f32a        0x0 binaries/ptclear.o
 .data          0x000000000011f32a        0x0 binaries/ptcount.o
 .data          0x000000000011f32a        0x0 binaries/ptcreate.o
 .data          0x000000000011f32a        0x0 binaries/ptdelete.o
 .data          0x000000000011f32a        0x0 binaries/ptinit.o
 .data          0x000000000011f32a        0x0 binaries/ptrecv.o
 .data          0x000000000011f32a        0x0 binaries/ptreset.o
 .data          0x000000000011f32a        0x0 binaries/ptsend.o
 .data          0x000000000011f32a        0x0 binaries/putc.o
 .data          0x000000000011f32a        0x0 binaries/quark_irq.o
 .data          0x000000000011f32a        0x0 binaries/quark_pdat.o
 .data          0x000000000011f32a        0x0 binaries/queue.o
 .data          0x000000000011f32a        0x0 binaries/read.o
 .data          0x000000000011f32a        0x0 binaries/ready.o
 .data          0x000000000011f32a        0x0 binaries/receive.o
 .data          0x000000000011f32a        0x0 binaries/recvclr.o
 .data          0x000000000011f32a        0x0 binaries/recvtime.o
 .data          0x000000000011f32a        0x0 binaries/releaseall.o
 .data          0x000000000011f32a        0x0 binaries/resched.o
 .data          0x000000000011f32a        0x0 binaries/resume.o
 .data          0x000000000011f32a        0x0 binaries/seek.o
 .data          0x000000000011f32a        0x0 binaries/semcount.o
 .data          0x000000000011f32a        0x0 binaries/semcreate.o
 .data          0x000000000011f32a        0x0 binaries/semdelete.o
 .data          0x000000000011f32a        0x0 binaries/semreset.o
 .data          0x000000000011f32a        0x0 binaries/send.o
 .data          0x000000000011f32a        0x0 binaries/signal.o
 .data          0x000000000011f32a        0x0 binaries/signaln.o
 .data          0x000000000011f32a        0x0 binaries/sleep.o
 .data          0x000000000011f32a        0x0 binaries/suspend.o
 .data          0x000000000011f32a        0x0 binaries/unsleep.o
 .data          0x000000000011f32a        0x0 binaries/userret.o
 .data          0x000000000011f32a        0x0 binaries/wait.o
 .data          0x000000000011f32a        0x0 binaries/wakeup.o
 .data          0x000000000011f32a        0x0 binaries/write.o
 .data          0x000000000011f32a        0x0 binaries/xdone.o
 .data          0x000000000011f32a        0x0 binaries/yield.o
 .data          0x000000000011f32a        0x0 binaries/abs.o
 .data          0x000000000011f32a        0x0 binaries/atoi.o
 .data          0x000000000011f32a        0x0 binaries/atol.o
 .data          0x000000000011f32a        0x0 binaries/bzero.o
 .data          0x000000000011f32a        0x0 binaries/ctype_.o
 .data          0x000000000011f32a        0x0 binaries/doprnt.o
 *fill*         0x000000000011f32a       0x16 
 .data          0x000000000011f340       0x80 binaries/doscan.o
                0x000000000011f340                _sctab
 .data          0x000000000011f3c0        0x0 binaries/fdoprnt.o
 .data          0x000000000011f3c0        0x0 binaries/fgetc.o
 .data          0x000000000011f3c0        0x0 binaries/fgets.o
 .data          0x000000000011f3c0        0x0 binaries/fprintf.o
 .data          0x000000000011f3c0        0x0 binaries/fputc.o
 .data          0x000000000011f3c0        0x0 binaries/fputs.o
 .data          0x000000000011f3c0        0x0 binaries/fscanf.o
 .data          0x000000000011f3c0        0x0 binaries/getchar.o
 .data          0x000000000011f3c0        0x0 binaries/labs.o
 .data          0x000000000011f3c0        0x0 binaries/memchr.o
 .data          0x000000000011f3c0        0x0 binaries/memcmp.o
 .data          0x000000000011f3c0        0x0 binaries/memcpy.o
 .data          0x000000000011f3c0        0x0 binaries/memset.o
 .data          0x000000000011f3c0        0x0 binaries/printf.o
 .data          0x000000000011f3c0        0x0 binaries/putchar.o
 .data          0x000000000011f3c0        0x0 binaries/qsort.o
 .data          0x000000000011f3c0        0x4 binaries/rand.o
 .data          0x000000000011f3c4        0x0 binaries/sprintf.o
 .data          0x000000000011f3c4        0x0 binaries/sscanf.o
 .data          0x000000000011f3c4        0x0 binaries/strchr.o
 .data          0x000000000011f3c4        0x0 binaries/strcmp.o
 .data          0x000000000011f3c4        0x0 binaries/strcpy.o
 .data          0x000000000011f3c4        0x0 binaries/strlen.o
 .data          0x000000000011f3c4        0x0 binaries/strncat.o
 .data          0x000000000011f3c4        0x0 binaries/strncmp.o
 .data          0x000000000011f3c4        0x0 binaries/strncpy.o
 .data          0x000000000011f3c4        0x0 binaries/strnlen.o
 .data          0x000000000011f3c4        0x0 binaries/strrchr.o
 .data          0x000000000011f3c4        0x0 binaries/strstr.o
 .data          0x000000000011f3c4        0x0 binaries/ttycontrol.o
 .data          0x000000000011f3c4        0x0 binaries/ttygetc.o
 .data          0x000000000011f3c4        0x0 binaries/ttyhandle_in.o
 .data          0x000000000011f3c4        0x0 binaries/ttyhandle_out.o
 .data          0x000000000011f3c4        0x0 binaries/ttyhandler.o
 .data          0x000000000011f3c4        0x0 binaries/ttyinit.o
 .data          0x000000000011f3c4        0x0 binaries/ttykickout.o
 .data          0x000000000011f3c4        0x0 binaries/ttyputc.o
 .data          0x000000000011f3c4        0x0 binaries/ttyread.o
 .data          0x000000000011f3c4        0x0 binaries/ttywrite.o
 .data          0x000000000011f3c4        0x0 binaries/mount.o
 .data          0x000000000011f3c4        0x0 binaries/naminit.o
 .data          0x000000000011f3c4        0x0 binaries/nammap.o
 .data          0x000000000011f3c4        0x0 binaries/namopen.o
 .data          0x000000000011f3c4        0x0 binaries/colon2mac.o
 .data          0x000000000011f3c4        0x0 binaries/ethcontrol.o
 .data          0x000000000011f3c4        0x0 binaries/ethhandler.o
 .data          0x000000000011f3c4        0x0 binaries/ethinit.o
 .data          0x000000000011f3c4        0x0 binaries/ethmcast.o
 .data          0x000000000011f3c4        0x0 binaries/ethread.o
 .data          0x000000000011f3c4        0x0 binaries/ethwrite.o
 .data          0x000000000011f3c4        0x0 binaries/rdsbufalloc.o
 .data          0x000000000011f3c4        0x0 binaries/rdsclose.o
 .data          0x000000000011f3c4        0x0 binaries/rdscomm.o
 .data          0x000000000011f3c4        0x0 binaries/rdscontrol.o
 .data          0x000000000011f3c4        0x0 binaries/rdsinit.o
 .data          0x000000000011f3c4        0x0 binaries/rdsopen.o
 .data          0x000000000011f3c4        0x0 binaries/rdsprocess.o
 .data          0x000000000011f3c4        0x0 binaries/rdsread.o
 .data          0x000000000011f3c4        0x0 binaries/rdswrite.o
 .data          0x000000000011f3c4        0x0 binaries/ramclose.o
 .data          0x000000000011f3c4        0x0 binaries/raminit.o
 .data          0x000000000011f3c4        0x0 binaries/ramopen.o
 .data          0x000000000011f3c4        0x0 binaries/ramread.o
 .data          0x000000000011f3c4        0x0 binaries/ramwrite.o
 .data          0x000000000011f3c4        0x0 binaries/lfdballoc.o
 .data          0x000000000011f3c4        0x0 binaries/lfdbfree.o
 .data          0x000000000011f3c4        0x0 binaries/lfflush.o
 .data          0x000000000011f3c4        0x0 binaries/lfgetmode.o
 .data          0x000000000011f3c4        0x0 binaries/lfiballoc.o
 .data          0x000000000011f3c4        0x0 binaries/lfibclear.o
 .data          0x000000000011f3c4        0x0 binaries/lfibget.o
 .data          0x000000000011f3c4        0x0 binaries/lfibput.o
 .data          0x000000000011f3c4        0x0 binaries/lflclose.o
 .data          0x000000000011f3c4        0x0 binaries/lflcontrol.o
 .data          0x000000000011f3c4        0x0 binaries/lflgetc.o
 .data          0x000000000011f3c4        0x0 binaries/lflinit.o
 .data          0x000000000011f3c4        0x0 binaries/lflputc.o
 .data          0x000000000011f3c4        0x0 binaries/lflread.o
 .data          0x000000000011f3c4        0x0 binaries/lflseek.o
 .data          0x000000000011f3c4        0x0 binaries/lflwrite.o
 .data          0x000000000011f3c4        0x0 binaries/lfsckfmt.o
 .data          0x000000000011f3c4        0x0 binaries/lfscreate.o
 .data          0x000000000011f3c4        0x0 binaries/lfsetup.o
 .data          0x000000000011f3c4        0x0 binaries/lfsinit.o
 .data          0x000000000011f3c4        0x0 binaries/lfsopen.o
 .data          0x000000000011f3c4        0x0 binaries/lftruncate.o
 .data          0x000000000011f3c4        0x0 binaries/rflclose.o
 .data          0x000000000011f3c4        0x0 binaries/rflgetc.o
 .data          0x000000000011f3c4        0x0 binaries/rflinit.o
 .data          0x000000000011f3c4        0x0 binaries/rflputc.o
 .data          0x000000000011f3c4        0x0 binaries/rflread.o
 .data          0x000000000011f3c4        0x0 binaries/rflseek.o
 .data          0x000000000011f3c4        0x0 binaries/rflwrite.o
 .data          0x000000000011f3c4        0x0 binaries/rfscomm.o
 .data          0x000000000011f3c4        0x0 binaries/rfscontrol.o
 .data          0x000000000011f3c4        0x0 binaries/rfsgetmode.o